// Jest Snapshot v1, https://goo.gl/fbAQLP

exports[`<CustomTextInput /> renders correctly 1`] = `
<TextInput
  style={
    {
      "backgroundColor": "white",
      "borderColor": "blue",
      "borderRadius": 10,
      "borderWidth": 2,
      "color": "black",
      "elevation": 3,
      "fontSize": 16,
      "height": 40,
      "paddingLeft": 10,
      "paddingRight": 10,
      "shadowColor": "gray",
      "shadowOffset": {
        "height": 2,
        "width": 0,
      },
      "shadowOpacity": 0.3,
      "shadowRadius": 4,
    }
  }
/>
`;
