// Jest Snapshot v1, https://goo.gl/fbAQLP

exports[`<App /> renders correctly 1`] = `
<View
  style={
    {
      "alignItems": "center",
      "backgroundColor": "#fff",
      "flex": 1,
      "justifyContent": "center",
    }
  }
>
  <Text>
    Open up App.tsx to start working on your app!
  </Text>
  <TextInput
    onChangeText={[Function]}
    placeholder="Enter text"
    style={
      {
        "backgroundColor": "white",
        "borderColor": "blue",
        "borderRadius": 10,
        "borderWidth": 2,
        "color": "black",
        "elevation": 3,
        "fontSize": 16,
        "height": 40,
        "paddingLeft": 10,
        "paddingRight": 10,
        "shadowColor": "gray",
        "shadowOffset": {
          "height": 2,
          "width": 0,
        },
        "shadowOpacity": 0.3,
        "shadowRadius": 4,
      }
    }
    value=""
  />
</View>
`;
